declare -x HOME="/Users/home"
declare -x LOGNAME="home"
declare -x OLDPWD
declare -x PATH="/usr/bin:/bin:/usr/sbin:/sbin"
declare -x PWD="/"
declare -x SHELL="/bin/zsh"
declare -x SHLVL="1"
declare -x SSH_AUTH_SOCK="/private/tmp/com.apple.launchd.p9JgzScLpq/Listeners"
declare -x TMPDIR="/var/folders/3d/410gncb50w798gc5zzf9s3n80000gn/T/"
declare -x USER="home"
declare -x XPC_FLAGS="0x0"
declare -x XPC_SERVICE_NAME="com.manuel.botoro"
✅ Mensaje enviado a whatsapp:+34680973028
✅ Mensaje enviado a whatsapp:+584245540487
✅ Mensaje enviado a whatsapp:+34680973028
✅ Mensaje enviado a whatsapp:+584245540487
✅ Mensaje enviado a whatsapp:+34680973028
✅ Mensaje enviado a whatsapp:+584245540487
✅ Mensaje enviado a whatsapp:+34680973028
✅ Mensaje enviado a whatsapp:+584245540487
✅ Mensaje enviado a whatsapp:+34680973028
✅ Mensaje enviado a whatsapp:+584245540487
✅ Mensaje enviado a whatsapp:+34680973028
✅ Mensaje enviado a whatsapp:+584245540487
✅ Mensaje enviado a whatsapp:+34680973028
✅ Mensaje enviado a whatsapp:+584245540487
✅ Mensaje enviado a whatsapp:+34680973028
✅ Mensaje enviado a whatsapp:+584245540487
✅ Mensaje enviado a whatsapp:+34680973028
✅ Mensaje enviado a whatsapp:+584245540487
✅ Mensaje enviado a whatsapp:+34680973028
✅ Mensaje enviado a whatsapp:+584245540487
✅ Mensaje enviado a whatsapp:+34680973028
✅ Mensaje enviado a whatsapp:+584245540487
✅ Mensaje enviado a whatsapp:+34680973028
✅ Mensaje enviado a whatsapp:+584245540487
